Archive member included to satisfy reference by file (symbol)

/home/lijunnan/Documents/2-software/v1.0.16-pulp-riscv-gcc-ubuntu-18/bin/../lib/gcc/riscv32-unknown-elf/7.1.1/libgcc.a(divdf3.o)
                              obj/core_portme.o (__divdf3)
/home/lijunnan/Documents/2-software/v1.0.16-pulp-riscv-gcc-ubuntu-18/bin/../lib/gcc/riscv32-unknown-elf/7.1.1/libgcc.a(fixunsdfsi.o)
                              obj/core_portme.o (__fixunsdfsi)
/home/lijunnan/Documents/2-software/v1.0.16-pulp-riscv-gcc-ubuntu-18/bin/../lib/gcc/riscv32-unknown-elf/7.1.1/libgcc.a(floatunsidf.o)
                              obj/core_portme.o (__floatunsidf)
/home/lijunnan/Documents/2-software/v1.0.16-pulp-riscv-gcc-ubuntu-18/bin/../lib/gcc/riscv32-unknown-elf/7.1.1/libgcc.a(_clzsi2.o)
                              /home/lijunnan/Documents/2-software/v1.0.16-pulp-riscv-gcc-ubuntu-18/bin/../lib/gcc/riscv32-unknown-elf/7.1.1/libgcc.a(divdf3.o) (__clzsi2)
/home/lijunnan/Documents/2-software/v1.0.16-pulp-riscv-gcc-ubuntu-18/bin/../lib/gcc/riscv32-unknown-elf/7.1.1/libgcc.a(_clz.o)
                              /home/lijunnan/Documents/2-software/v1.0.16-pulp-riscv-gcc-ubuntu-18/bin/../lib/gcc/riscv32-unknown-elf/7.1.1/libgcc.a(_clzsi2.o) (__clz_tab)

Allocating common symbols
Common symbol       size              file

t1_low              0x4               obj/core_portme.o
timer_irq_count     0x4               obj/core_util.o
t0_high             0x4               obj/core_portme.o
recv_cnt            0x4               obj/core_util.o
t1_high             0x4               obj/core_portme.o
static_memblk       0x7d0             obj/core_main.o
t0_low              0x4               obj/core_portme.o
dma_recv_cnt        0x4               obj/core_util.o
dma_send_cnt        0x4               obj/core_util.o
send_cnt            0x4               obj/core_util.o

Discarded input sections

 .debug_frame   0x0000000000000000       0x88 /home/lijunnan/Documents/2-software/v1.0.16-pulp-riscv-gcc-ubuntu-18/bin/../lib/gcc/riscv32-unknown-elf/7.1.1/libgcc.a(divdf3.o)
 .debug_info    0x0000000000000000      0x6d6 /home/lijunnan/Documents/2-software/v1.0.16-pulp-riscv-gcc-ubuntu-18/bin/../lib/gcc/riscv32-unknown-elf/7.1.1/libgcc.a(divdf3.o)
 .debug_abbrev  0x0000000000000000      0x167 /home/lijunnan/Documents/2-software/v1.0.16-pulp-riscv-gcc-ubuntu-18/bin/../lib/gcc/riscv32-unknown-elf/7.1.1/libgcc.a(divdf3.o)
 .debug_loc     0x0000000000000000     0x1043 /home/lijunnan/Documents/2-software/v1.0.16-pulp-riscv-gcc-ubuntu-18/bin/../lib/gcc/riscv32-unknown-elf/7.1.1/libgcc.a(divdf3.o)
 .debug_aranges
                0x0000000000000000       0x20 /home/lijunnan/Documents/2-software/v1.0.16-pulp-riscv-gcc-ubuntu-18/bin/../lib/gcc/riscv32-unknown-elf/7.1.1/libgcc.a(divdf3.o)
 .debug_ranges  0x0000000000000000      0x140 /home/lijunnan/Documents/2-software/v1.0.16-pulp-riscv-gcc-ubuntu-18/bin/../lib/gcc/riscv32-unknown-elf/7.1.1/libgcc.a(divdf3.o)
 .debug_line    0x0000000000000000      0x518 /home/lijunnan/Documents/2-software/v1.0.16-pulp-riscv-gcc-ubuntu-18/bin/../lib/gcc/riscv32-unknown-elf/7.1.1/libgcc.a(divdf3.o)
 .debug_str     0x0000000000000000      0x421 /home/lijunnan/Documents/2-software/v1.0.16-pulp-riscv-gcc-ubuntu-18/bin/../lib/gcc/riscv32-unknown-elf/7.1.1/libgcc.a(divdf3.o)
 .debug_frame   0x0000000000000000       0x20 /home/lijunnan/Documents/2-software/v1.0.16-pulp-riscv-gcc-ubuntu-18/bin/../lib/gcc/riscv32-unknown-elf/7.1.1/libgcc.a(fixunsdfsi.o)
 .debug_info    0x0000000000000000      0x1ec /home/lijunnan/Documents/2-software/v1.0.16-pulp-riscv-gcc-ubuntu-18/bin/../lib/gcc/riscv32-unknown-elf/7.1.1/libgcc.a(fixunsdfsi.o)
 .debug_abbrev  0x0000000000000000      0x168 /home/lijunnan/Documents/2-software/v1.0.16-pulp-riscv-gcc-ubuntu-18/bin/../lib/gcc/riscv32-unknown-elf/7.1.1/libgcc.a(fixunsdfsi.o)
 .debug_loc     0x0000000000000000       0xef /home/lijunnan/Documents/2-software/v1.0.16-pulp-riscv-gcc-ubuntu-18/bin/../lib/gcc/riscv32-unknown-elf/7.1.1/libgcc.a(fixunsdfsi.o)
 .debug_aranges
                0x0000000000000000       0x20 /home/lijunnan/Documents/2-software/v1.0.16-pulp-riscv-gcc-ubuntu-18/bin/../lib/gcc/riscv32-unknown-elf/7.1.1/libgcc.a(fixunsdfsi.o)
 .debug_ranges  0x0000000000000000       0x20 /home/lijunnan/Documents/2-software/v1.0.16-pulp-riscv-gcc-ubuntu-18/bin/../lib/gcc/riscv32-unknown-elf/7.1.1/libgcc.a(fixunsdfsi.o)
 .debug_line    0x0000000000000000      0x16c /home/lijunnan/Documents/2-software/v1.0.16-pulp-riscv-gcc-ubuntu-18/bin/../lib/gcc/riscv32-unknown-elf/7.1.1/libgcc.a(fixunsdfsi.o)
 .debug_str     0x0000000000000000      0x275 /home/lijunnan/Documents/2-software/v1.0.16-pulp-riscv-gcc-ubuntu-18/bin/../lib/gcc/riscv32-unknown-elf/7.1.1/libgcc.a(fixunsdfsi.o)
 .debug_frame   0x0000000000000000       0x4c /home/lijunnan/Documents/2-software/v1.0.16-pulp-riscv-gcc-ubuntu-18/bin/../lib/gcc/riscv32-unknown-elf/7.1.1/libgcc.a(floatunsidf.o)
 .debug_info    0x0000000000000000      0x28b /home/lijunnan/Documents/2-software/v1.0.16-pulp-riscv-gcc-ubuntu-18/bin/../lib/gcc/riscv32-unknown-elf/7.1.1/libgcc.a(floatunsidf.o)
 .debug_abbrev  0x0000000000000000      0x158 /home/lijunnan/Documents/2-software/v1.0.16-pulp-riscv-gcc-ubuntu-18/bin/../lib/gcc/riscv32-unknown-elf/7.1.1/libgcc.a(floatunsidf.o)
 .debug_loc     0x0000000000000000      0x15c /home/lijunnan/Documents/2-software/v1.0.16-pulp-riscv-gcc-ubuntu-18/bin/../lib/gcc/riscv32-unknown-elf/7.1.1/libgcc.a(floatunsidf.o)
 .debug_aranges
                0x0000000000000000       0x20 /home/lijunnan/Documents/2-software/v1.0.16-pulp-riscv-gcc-ubuntu-18/bin/../lib/gcc/riscv32-unknown-elf/7.1.1/libgcc.a(floatunsidf.o)
 .debug_ranges  0x0000000000000000       0x60 /home/lijunnan/Documents/2-software/v1.0.16-pulp-riscv-gcc-ubuntu-18/bin/../lib/gcc/riscv32-unknown-elf/7.1.1/libgcc.a(floatunsidf.o)
 .debug_line    0x0000000000000000      0x151 /home/lijunnan/Documents/2-software/v1.0.16-pulp-riscv-gcc-ubuntu-18/bin/../lib/gcc/riscv32-unknown-elf/7.1.1/libgcc.a(floatunsidf.o)
 .debug_str     0x0000000000000000      0x309 /home/lijunnan/Documents/2-software/v1.0.16-pulp-riscv-gcc-ubuntu-18/bin/../lib/gcc/riscv32-unknown-elf/7.1.1/libgcc.a(floatunsidf.o)
 .debug_frame   0x0000000000000000       0x20 /home/lijunnan/Documents/2-software/v1.0.16-pulp-riscv-gcc-ubuntu-18/bin/../lib/gcc/riscv32-unknown-elf/7.1.1/libgcc.a(_clzsi2.o)
 .debug_info    0x0000000000000000      0xb04 /home/lijunnan/Documents/2-software/v1.0.16-pulp-riscv-gcc-ubuntu-18/bin/../lib/gcc/riscv32-unknown-elf/7.1.1/libgcc.a(_clzsi2.o)
 .debug_abbrev  0x0000000000000000      0x210 /home/lijunnan/Documents/2-software/v1.0.16-pulp-riscv-gcc-ubuntu-18/bin/../lib/gcc/riscv32-unknown-elf/7.1.1/libgcc.a(_clzsi2.o)
 .debug_loc     0x0000000000000000       0x6b /home/lijunnan/Documents/2-software/v1.0.16-pulp-riscv-gcc-ubuntu-18/bin/../lib/gcc/riscv32-unknown-elf/7.1.1/libgcc.a(_clzsi2.o)
 .debug_aranges
                0x0000000000000000       0x20 /home/lijunnan/Documents/2-software/v1.0.16-pulp-riscv-gcc-ubuntu-18/bin/../lib/gcc/riscv32-unknown-elf/7.1.1/libgcc.a(_clzsi2.o)
 .debug_ranges  0x0000000000000000       0x18 /home/lijunnan/Documents/2-software/v1.0.16-pulp-riscv-gcc-ubuntu-18/bin/../lib/gcc/riscv32-unknown-elf/7.1.1/libgcc.a(_clzsi2.o)
 .debug_line    0x0000000000000000      0x328 /home/lijunnan/Documents/2-software/v1.0.16-pulp-riscv-gcc-ubuntu-18/bin/../lib/gcc/riscv32-unknown-elf/7.1.1/libgcc.a(_clzsi2.o)
 .debug_str     0x0000000000000000      0x7ac /home/lijunnan/Documents/2-software/v1.0.16-pulp-riscv-gcc-ubuntu-18/bin/../lib/gcc/riscv32-unknown-elf/7.1.1/libgcc.a(_clzsi2.o)
 .debug_info    0x0000000000000000      0xa9d /home/lijunnan/Documents/2-software/v1.0.16-pulp-riscv-gcc-ubuntu-18/bin/../lib/gcc/riscv32-unknown-elf/7.1.1/libgcc.a(_clz.o)
 .debug_abbrev  0x0000000000000000      0x1be /home/lijunnan/Documents/2-software/v1.0.16-pulp-riscv-gcc-ubuntu-18/bin/../lib/gcc/riscv32-unknown-elf/7.1.1/libgcc.a(_clz.o)
 .debug_aranges
                0x0000000000000000       0x18 /home/lijunnan/Documents/2-software/v1.0.16-pulp-riscv-gcc-ubuntu-18/bin/../lib/gcc/riscv32-unknown-elf/7.1.1/libgcc.a(_clz.o)
 .debug_line    0x0000000000000000      0x2e0 /home/lijunnan/Documents/2-software/v1.0.16-pulp-riscv-gcc-ubuntu-18/bin/../lib/gcc/riscv32-unknown-elf/7.1.1/libgcc.a(_clz.o)
 .debug_str     0x0000000000000000      0x78f /home/lijunnan/Documents/2-software/v1.0.16-pulp-riscv-gcc-ubuntu-18/bin/../lib/gcc/riscv32-unknown-elf/7.1.1/libgcc.a(_clz.o)

Memory Configuration

Name             Origin             Length             Attributes
ram              0x0000000000000000 0x0000000000010000 axrwl
ram_data         0x0000000000010000 0x0000000000010000 axrwl
*default*        0x0000000000000000 0xffffffffffffffff

Linker script and memory map

                0x0000000000000180                PROVIDE (__boot_address, 0x180)
                0x0000000000001000                __stack_size = DEFINED (__stack_size)?__stack_size:0x1000
                [!provide]                        PROVIDE (__stack_size, __stack_size)

.vectors        0x0000000000000000      0x100
                0x0000000000000000                PROVIDE (__vector_start, .)
 *(.vectors)
 .vectors       0x0000000000000000      0x100 obj/vectors.o

.init           0x0000000000000180       0x28
 *(SORT(.init))
 *(.text.start)
 .text.start    0x0000000000000180       0x28 obj/crt0.o
                0x0000000000000180                _start

.text           0x00000000000001a8     0x209e
 *(.text.unlikely .text.*_unlikely .text.unlikely.*)
 *(.text.exit .text.exit.*)
 *(.text.startup .text.startup.*)
 .text.startup  0x00000000000001a8      0x4d8 obj/core_main.o
                0x00000000000001a8                main
 *(.text.hot .text.hot.*)
 *(.text .stub .text.* .gnu.linkonce.t.*)
 .text          0x0000000000000680       0xa4 obj/core_util.o
                0x0000000000000680                get_seed_32
                0x00000000000006b8                crcu8
                0x00000000000006e2                crcu16
                0x00000000000006fe                crcu32
                0x000000000000071a                crc16
                0x0000000000000720                check_data_types
 .text          0x0000000000000724      0x2b8 obj/core_state.o
                0x0000000000000724                core_init_state
                0x00000000000007c0                core_state_transition
                0x00000000000008de                core_bench_state
 .text          0x00000000000009dc      0x4d0 obj/core_list_join.o
                0x00000000000009dc                cmp_idx
                0x0000000000000a12                calc_func
                0x0000000000000ad6                cmp_complex
                0x0000000000000afe                copy_info
                0x0000000000000b10                core_list_insert_new
                0x0000000000000b54                core_list_remove
                0x0000000000000b6a                core_list_undo_remove
                0x0000000000000b7a                core_list_find
                0x0000000000000ba8                core_list_reverse
                0x0000000000000bba                core_list_mergesort
                0x0000000000000c66                core_bench_list
                0x0000000000000dbc                core_list_init
 .text          0x0000000000000eac      0x148 obj/core_portme.o
                0x0000000000000eac                start_time
                0x0000000000000ec4                stop_time
                0x0000000000000f0e                get_time
                0x0000000000000fd0                time_in_secs
                0x0000000000000ff2                portable_init
 .text          0x0000000000000ff4       0x5a obj/core_main.o
                0x0000000000000ff4                iterate
 .text          0x000000000000104e      0x324 obj/core_matrix.o
                0x000000000000104e                core_init_matrix
                0x00000000000010e8                matrix_sum
                0x0000000000001136                matrix_mul_const
                0x0000000000001170                matrix_add_const
                0x000000000000119a                matrix_mul_vect
                0x00000000000011da                matrix_mul_matrix
                0x0000000000001232                matrix_mul_matrix_bitextract
                0x000000000000129a                matrix_test
                0x0000000000001352                core_bench_matrix
 .text          0x0000000000001372      0x426 obj/system.o
                0x0000000000001372                print_chr
                0x000000000000137a                print_str
                0x000000000000138c                print_dec
                0x00000000000013c2                print_hex
                0x00000000000014f6                print_void
                0x00000000000014f8                printf
                0x0000000000001516                sys_gettime
                0x0000000000001528                time
                0x000000000000152e                insn
                0x0000000000001534                memcpy
                0x000000000000154c                memset
                0x000000000000155e                memcmp
                0x0000000000001582                memmove
                0x00000000000015c2                strnlen
                0x00000000000015dc                strlen
                0x00000000000015ee                strcpy
                0x0000000000001668                strcmp
                0x0000000000001712                strncmp
                0x0000000000001740                atoi
 .text          0x0000000000001798       0xe8 obj/irq.o
                0x0000000000001798                uart_echo
                0x00000000000017d4                uart_irq_handler
                0x00000000000017d6                dma_irq_handler
                0x00000000000017f6                time_irq_handler
                0x000000000000180e                irq_puts
                0x000000000000181a                mstatus_enable
                0x000000000000183c                mstatus_disable
                0x0000000000001862                irq_init
 .text          0x0000000000001880       0x5c obj/netif.o
                0x0000000000001880                rv_recv
                0x00000000000018b8                rv_send
 .text          0x00000000000018dc        0x0 obj/custom_ops.o
 .text          0x00000000000018dc        0x0 obj/crt0.o
 .text          0x00000000000018dc        0x0 obj/vectors.o
 .text.vecs     0x00000000000018dc      0x1e0 obj/vectors.o
 .text          0x0000000000001abc      0x16a obj/pktProc.o
                0x0000000000001abc                __test_custom_instr
                0x0000000000001b42                __to_recv_pkt
                0x0000000000001b54                __test_proc_pkt
                0x0000000000001b62                __test_replace_mac
                0x0000000000001b94                __add_next_512b_first32b_with_1
                0x0000000000001bc6                __to_send_pkt
                0x0000000000001be0                __test_send_pkt
                0x0000000000001bee                __read_type
                0x0000000000001bf8                __read_next_512b_first32b
 .text          0x0000000000001c26      0x524 /home/lijunnan/Documents/2-software/v1.0.16-pulp-riscv-gcc-ubuntu-18/bin/../lib/gcc/riscv32-unknown-elf/7.1.1/libgcc.a(divdf3.o)
                0x0000000000001c26                __divdf3
 .text          0x000000000000214a       0x5c /home/lijunnan/Documents/2-software/v1.0.16-pulp-riscv-gcc-ubuntu-18/bin/../lib/gcc/riscv32-unknown-elf/7.1.1/libgcc.a(fixunsdfsi.o)
                0x000000000000214a                __fixunsdfsi
 .text          0x00000000000021a6       0x66 /home/lijunnan/Documents/2-software/v1.0.16-pulp-riscv-gcc-ubuntu-18/bin/../lib/gcc/riscv32-unknown-elf/7.1.1/libgcc.a(floatunsidf.o)
                0x00000000000021a6                __floatunsidf
 .text          0x000000000000220c       0x3a /home/lijunnan/Documents/2-software/v1.0.16-pulp-riscv-gcc-ubuntu-18/bin/../lib/gcc/riscv32-unknown-elf/7.1.1/libgcc.a(_clzsi2.o)
                0x000000000000220c                __clzsi2
 .text          0x0000000000002246        0x0 /home/lijunnan/Documents/2-software/v1.0.16-pulp-riscv-gcc-ubuntu-18/bin/../lib/gcc/riscv32-unknown-elf/7.1.1/libgcc.a(_clz.o)
 *(.gnu.warning)
                [!provide]                        PROVIDE (__etext, .)
                [!provide]                        PROVIDE (_etext, .)
                [!provide]                        PROVIDE (etext, .)

.rodata         0x0000000000010000      0x7cc
 *(.rodata .rodata.* .gnu.linkonce.r.*)
 .rodata        0x0000000000010000       0x14 obj/core_util.o
 .rodata        0x0000000000010014       0x74 obj/core_state.o
 .rodata.str1.4
                0x0000000000010088       0xad obj/core_state.o
 *fill*         0x0000000000010135        0x3 
 .rodata.str1.4
                0x0000000000010138       0x6c obj/core_portme.o
 .rodata        0x00000000000101a4       0x22 obj/core_main.o
 *fill*         0x00000000000101c6        0x2 
 .rodata.str1.4
                0x00000000000101c8      0x3d6 obj/core_main.o
                                        0x3da (size before relaxing)
 *fill*         0x000000000001059e        0x2 
 .rodata.str1.4
                0x00000000000105a0       0x11 obj/system.o
 *fill*         0x00000000000105b1        0x3 
 .rodata.str1.4
                0x00000000000105b4       0x1c obj/irq.o
 .rodata        0x00000000000105d0       0xc0 obj/vectors.o
 .rodata        0x0000000000010690       0x3c /home/lijunnan/Documents/2-software/v1.0.16-pulp-riscv-gcc-ubuntu-18/bin/../lib/gcc/riscv32-unknown-elf/7.1.1/libgcc.a(divdf3.o)
 .rodata        0x00000000000106cc      0x100 /home/lijunnan/Documents/2-software/v1.0.16-pulp-riscv-gcc-ubuntu-18/bin/../lib/gcc/riscv32-unknown-elf/7.1.1/libgcc.a(_clz.o)
                0x00000000000106cc                __clz_tab

.rela.dyn       0x00000000000107cc        0x0
 .rela.text     0x00000000000107cc        0x0 obj/core_util.o
 .rela.text.startup
                0x00000000000107cc        0x0 obj/core_util.o
 .rela.text.start
                0x00000000000107cc        0x0 obj/core_util.o

.rodata1
 *(.rodata1)
                0x00000000000117cc                . = DATA_SEGMENT_ALIGN (CONSTANT (MAXPAGESIZE), CONSTANT (COMMONPAGESIZE))

.data           0x00000000000107cc       0x2c
                0x00000000000107cc                __DATA_BEGIN__ = .
 *(.data .data.* .gnu.linkonce.d.*)
 .data          0x00000000000107cc        0x0 obj/core_util.o
 .data          0x00000000000107cc        0x0 obj/core_state.o
 .data          0x00000000000107cc        0x0 obj/core_list_join.o
 .data          0x00000000000107cc        0x0 obj/core_portme.o
 .data          0x00000000000107cc        0xc obj/core_main.o
                0x00000000000107cc                mem_name
 .data          0x00000000000107d8        0x0 obj/core_matrix.o
 .data          0x00000000000107d8        0x0 obj/system.o
 .data          0x00000000000107d8        0x0 obj/irq.o
 .data          0x00000000000107d8       0x20 obj/netif.o
                0x00000000000107d8                meta_buffer_send
 .data          0x00000000000107f8        0x0 obj/custom_ops.o
 .data          0x00000000000107f8        0x0 obj/crt0.o
 .data          0x00000000000107f8        0x0 obj/vectors.o
 .data          0x00000000000107f8        0x0 obj/pktProc.o
 .data          0x00000000000107f8        0x0 /home/lijunnan/Documents/2-software/v1.0.16-pulp-riscv-gcc-ubuntu-18/bin/../lib/gcc/riscv32-unknown-elf/7.1.1/libgcc.a(divdf3.o)
 .data          0x00000000000107f8        0x0 /home/lijunnan/Documents/2-software/v1.0.16-pulp-riscv-gcc-ubuntu-18/bin/../lib/gcc/riscv32-unknown-elf/7.1.1/libgcc.a(fixunsdfsi.o)
 .data          0x00000000000107f8        0x0 /home/lijunnan/Documents/2-software/v1.0.16-pulp-riscv-gcc-ubuntu-18/bin/../lib/gcc/riscv32-unknown-elf/7.1.1/libgcc.a(floatunsidf.o)
 .data          0x00000000000107f8        0x0 /home/lijunnan/Documents/2-software/v1.0.16-pulp-riscv-gcc-ubuntu-18/bin/../lib/gcc/riscv32-unknown-elf/7.1.1/libgcc.a(_clzsi2.o)
 .data          0x00000000000107f8        0x0 /home/lijunnan/Documents/2-software/v1.0.16-pulp-riscv-gcc-ubuntu-18/bin/../lib/gcc/riscv32-unknown-elf/7.1.1/libgcc.a(_clz.o)

.sdata          0x00000000000107f8       0x10
                0x00000000000107f8                __SDATA_BEGIN__ = .
 *(.srodata.cst16)
 *(.srodata.cst8)
 .srodata.cst8  0x00000000000107f8        0x8 obj/core_portme.o
 *(.srodata.cst4)
 *(.srodata.cst2)
 *(.srodata .srodata.*)
 *(.sdata .sdata.* .gnu.linkonce.s.*)
 .sdata         0x0000000000010800        0x8 obj/core_portme.o
                0x0000000000010800                seed4_volatile
                0x0000000000010804                seed3_volatile
                0x0000000000010808                _edata = .
                [!provide]                        PROVIDE (edata, .)
                0x0000000000010808                . = .
                0x0000000000010808                __bss_start = .

.sbss           0x0000000000010808       0x14
 *(.dynsbss)
 *(.sbss .sbss.* .gnu.linkonce.sb.*)
 .sbss          0x0000000000010808        0xc obj/core_portme.o
                0x0000000000010808                seed5_volatile
                0x000000000001080c                seed2_volatile
                0x0000000000010810                seed1_volatile
 .sbss          0x0000000000010814        0x8 obj/irq.o
                0x0000000000010814                mmstatus
                0x0000000000010818                ie_mask32_std
 *(.scommon)

.bss            0x000000000001081c      0x814
 *(.dynbss)
 *(.bss .bss.* .gnu.linkonce.b.*)
 .bss           0x000000000001081c        0x0 obj/core_util.o
 .bss           0x000000000001081c        0x0 obj/core_state.o
 .bss           0x000000000001081c        0x0 obj/core_list_join.o
 .bss           0x000000000001081c        0x0 obj/core_portme.o
 .bss           0x000000000001081c        0x0 obj/core_main.o
 .bss           0x000000000001081c        0x0 obj/core_matrix.o
 .bss           0x000000000001081c        0x0 obj/system.o
 .bss           0x000000000001081c        0x0 obj/irq.o
 .bss           0x000000000001081c       0x20 obj/netif.o
                0x000000000001081c                meta_buffer
 .bss           0x000000000001083c        0x0 obj/custom_ops.o
 .bss           0x000000000001083c        0x0 obj/crt0.o
 .bss           0x000000000001083c        0x0 obj/vectors.o
 .bss           0x000000000001083c        0x0 obj/pktProc.o
 .bss           0x000000000001083c        0x0 /home/lijunnan/Documents/2-software/v1.0.16-pulp-riscv-gcc-ubuntu-18/bin/../lib/gcc/riscv32-unknown-elf/7.1.1/libgcc.a(divdf3.o)
 .bss           0x000000000001083c        0x0 /home/lijunnan/Documents/2-software/v1.0.16-pulp-riscv-gcc-ubuntu-18/bin/../lib/gcc/riscv32-unknown-elf/7.1.1/libgcc.a(fixunsdfsi.o)
 .bss           0x000000000001083c        0x0 /home/lijunnan/Documents/2-software/v1.0.16-pulp-riscv-gcc-ubuntu-18/bin/../lib/gcc/riscv32-unknown-elf/7.1.1/libgcc.a(floatunsidf.o)
 .bss           0x000000000001083c        0x0 /home/lijunnan/Documents/2-software/v1.0.16-pulp-riscv-gcc-ubuntu-18/bin/../lib/gcc/riscv32-unknown-elf/7.1.1/libgcc.a(_clzsi2.o)
 .bss           0x000000000001083c        0x0 /home/lijunnan/Documents/2-software/v1.0.16-pulp-riscv-gcc-ubuntu-18/bin/../lib/gcc/riscv32-unknown-elf/7.1.1/libgcc.a(_clz.o)
 *(COMMON)
 COMMON         0x000000000001083c       0x14 obj/core_util.o
                0x000000000001083c                timer_irq_count
                0x0000000000010840                recv_cnt
                0x0000000000010844                dma_recv_cnt
                0x0000000000010848                dma_send_cnt
                0x000000000001084c                send_cnt
 COMMON         0x0000000000010850       0x10 obj/core_portme.o
                0x0000000000010850                t1_low
                0x0000000000010854                t0_high
                0x0000000000010858                t1_high
                0x000000000001085c                t0_low
 COMMON         0x0000000000010860      0x7d0 obj/core_main.o
                0x0000000000010860                static_memblk
                0x0000000000011030                . = ALIGN ((. != 0x0)?0x4:0x1)
                0x0000000000011030                . = ALIGN (0x4)
                0x0000000000011030                . = SEGMENT_START ("ldata-segment", .)
                0x0000000000011030                . = ALIGN (0x4)
                0x0000000000011030                __BSS_END__ = .
                0x0000000000011030                __bss_end = .
                0x0000000000010fcc                __global_pointer$ = MIN ((__SDATA_BEGIN__ + 0x800), MAX ((__DATA_BEGIN__ + 0x800), (__BSS_END__ - 0x800)))
                0x0000000000011030                _end = .
                [!provide]                        PROVIDE (end, .)
                0x0000000000011030                . = DATA_SEGMENT_END (.)

.stack          0x0000000000011030     0x1000
                [!provide]                        PROVIDE (__stack_start, .)
                0x0000000000001000                . = __stack_size
 *fill*         0x0000000000011030     0x1000 
                0x0000000000012030                PROVIDE (_sp, .)
                [!provide]                        PROVIDE (__stack_end, .)
LOAD obj/core_util.o
LOAD obj/core_state.o
LOAD obj/core_list_join.o
LOAD obj/core_portme.o
LOAD obj/core_main.o
LOAD obj/core_matrix.o
LOAD obj/system.o
LOAD obj/irq.o
LOAD obj/netif.o
LOAD obj/custom_ops.o
LOAD obj/crt0.o
LOAD obj/vectors.o
LOAD obj/pktProc.o
LOAD /home/lijunnan/Documents/2-software/v1.0.16-pulp-riscv-gcc-ubuntu-18/bin/../lib/gcc/riscv32-unknown-elf/7.1.1/libgcc.a
OUTPUT(obj/firmware.elf elf32-littleriscv)

.comment        0x0000000000000000       0x1a
 .comment       0x0000000000000000       0x1a obj/core_util.o
                                         0x1b (size before relaxing)
 .comment       0x000000000000001a       0x1b obj/core_state.o
 .comment       0x000000000000001a       0x1b obj/core_list_join.o
 .comment       0x000000000000001a       0x1b obj/core_portme.o
 .comment       0x000000000000001a       0x1b obj/core_main.o
 .comment       0x000000000000001a       0x1b obj/core_matrix.o
 .comment       0x000000000000001a       0x1b obj/system.o
 .comment       0x000000000000001a       0x1b obj/irq.o
 .comment       0x000000000000001a       0x1b obj/netif.o
 .comment       0x000000000000001a       0x1b /home/lijunnan/Documents/2-software/v1.0.16-pulp-riscv-gcc-ubuntu-18/bin/../lib/gcc/riscv32-unknown-elf/7.1.1/libgcc.a(divdf3.o)
 .comment       0x000000000000001a       0x1b /home/lijunnan/Documents/2-software/v1.0.16-pulp-riscv-gcc-ubuntu-18/bin/../lib/gcc/riscv32-unknown-elf/7.1.1/libgcc.a(fixunsdfsi.o)
 .comment       0x000000000000001a       0x1b /home/lijunnan/Documents/2-software/v1.0.16-pulp-riscv-gcc-ubuntu-18/bin/../lib/gcc/riscv32-unknown-elf/7.1.1/libgcc.a(floatunsidf.o)
 .comment       0x000000000000001a       0x1b /home/lijunnan/Documents/2-software/v1.0.16-pulp-riscv-gcc-ubuntu-18/bin/../lib/gcc/riscv32-unknown-elf/7.1.1/libgcc.a(_clzsi2.o)
 .comment       0x000000000000001a       0x1b /home/lijunnan/Documents/2-software/v1.0.16-pulp-riscv-gcc-ubuntu-18/bin/../lib/gcc/riscv32-unknown-elf/7.1.1/libgcc.a(_clz.o)

.Pulp_Chip.Info
                0x0000000000000000       0x4e
 .Pulp_Chip.Info
                0x0000000000000000       0x4e obj/core_util.o
 .Pulp_Chip.Info
                0x000000000000004e        0x0 obj/core_state.o
 .Pulp_Chip.Info
                0x000000000000004e        0x0 obj/core_list_join.o
 .Pulp_Chip.Info
                0x000000000000004e        0x0 obj/core_portme.o
 .Pulp_Chip.Info
                0x000000000000004e        0x0 obj/core_main.o
 .Pulp_Chip.Info
                0x000000000000004e        0x0 obj/core_matrix.o
 .Pulp_Chip.Info
                0x000000000000004e        0x0 obj/system.o
 .Pulp_Chip.Info
                0x000000000000004e        0x0 obj/irq.o
 .Pulp_Chip.Info
                0x000000000000004e        0x0 obj/netif.o
 .Pulp_Chip.Info
                0x000000000000004e        0x0 obj/custom_ops.o
 .Pulp_Chip.Info
                0x000000000000004e        0x0 obj/crt0.o
 .Pulp_Chip.Info
                0x000000000000004e        0x0 obj/vectors.o
 .Pulp_Chip.Info
                0x000000000000004e        0x0 obj/pktProc.o
 .Pulp_Chip.Info
                0x000000000000004e        0x0 /home/lijunnan/Documents/2-software/v1.0.16-pulp-riscv-gcc-ubuntu-18/bin/../lib/gcc/riscv32-unknown-elf/7.1.1/libgcc.a(divdf3.o)
 .Pulp_Chip.Info
                0x000000000000004e        0x0 /home/lijunnan/Documents/2-software/v1.0.16-pulp-riscv-gcc-ubuntu-18/bin/../lib/gcc/riscv32-unknown-elf/7.1.1/libgcc.a(fixunsdfsi.o)
 .Pulp_Chip.Info
                0x000000000000004e        0x0 /home/lijunnan/Documents/2-software/v1.0.16-pulp-riscv-gcc-ubuntu-18/bin/../lib/gcc/riscv32-unknown-elf/7.1.1/libgcc.a(floatunsidf.o)
 .Pulp_Chip.Info
                0x000000000000004e        0x0 /home/lijunnan/Documents/2-software/v1.0.16-pulp-riscv-gcc-ubuntu-18/bin/../lib/gcc/riscv32-unknown-elf/7.1.1/libgcc.a(_clzsi2.o)
 .Pulp_Chip.Info
                0x000000000000004e        0x0 /home/lijunnan/Documents/2-software/v1.0.16-pulp-riscv-gcc-ubuntu-18/bin/../lib/gcc/riscv32-unknown-elf/7.1.1/libgcc.a(_clz.o)

.debug_frame

.debug_info

.debug_abbrev

.debug_loc

.debug_aranges

.debug_ranges

.debug_line

.debug_str
